../Core/Src/main.c:90:5:main	1
../Core/Src/main.c:135:6:HAL_GPIO_EXTI_Callback	3
../Core/Src/main.c:147:6:Task_NutNhan	13
../Core/Src/main.c:196:6:Task_CamBien	4
../Core/Src/main.c:231:6:Task_HienThi_DieuKhien	18
../Core/Src/main.c:310:6:Task_AnNinh	2
../Core/Src/main.c:325:6:Callback_TimerBaoDong	1
../Core/Src/main.c:331:6:SystemClock_Config	4
../Core/Src/main.c:357:13:MX_ADC1_Init	3
../Core/Src/main.c:373:13:MX_I2C1_Init	2
../Core/Src/main.c:386:13:MX_GPIO_Init	1
../Core/Src/main.c:438:6:StartDefaultTask	1
../Core/Src/main.c:442:6:HAL_TIM_PeriodElapsedCallback	2
../Core/Src/main.c:446:6:Error_Handler	1
