../Core/Src/main.c:90:5:main	64	static
../Core/Src/main.c:135:6:HAL_GPIO_EXTI_Callback	24	static,ignoring_inline_asm
../Core/Src/main.c:147:6:Task_NutNhan	24	static
../Core/Src/main.c:196:6:Task_CamBien	32	static
../Core/Src/main.c:231:6:Task_HienThi_DieuKhien	80	static
../Core/Src/main.c:310:6:Task_AnNinh	32	static
../Core/Src/main.c:325:6:Callback_TimerBaoDong	16	static
../Core/Src/main.c:331:6:SystemClock_Config	88	static
../Core/Src/main.c:357:13:MX_ADC1_Init	24	static
../Core/Src/main.c:373:13:MX_I2C1_Init	8	static
../Core/Src/main.c:386:13:MX_GPIO_Init	48	static
../Core/Src/main.c:438:6:StartDefaultTask	16	static
../Core/Src/main.c:442:6:HAL_TIM_PeriodElapsedCallback	16	static
../Core/Src/main.c:446:6:Error_Handler	4	static,ignoring_inline_asm
